[demo.graygrids.com/themes/emart-v2/index-2.html]
[backblue.gif]
[fade.gif]
[index.html]
[demo.graygrids.com/themes/emart-v2/assets/images/favicon.png]
[demo.graygrids.com/themes/emart-v2/assets/css/bootstrap.min.css]
[demo.graygrids.com/themes/emart-v2/assets/css/animate.css]
[demo.graygrids.com/themes/emart-v2/assets/css/LineIcons.css]
[demo.graygrids.com/themes/emart-v2/assets/css/magnific-popup.css]
[demo.graygrids.com/themes/emart-v2/assets/css/slick.css]
[demo.graygrids.com/themes/emart-v2/assets/css/ion.rangeSlider.min.css]
[demo.graygrids.com/themes/emart-v2/assets/css/nice-select.css]
[demo.graygrids.com/themes/emart-v2/assets/css/default.css]
[demo.graygrids.com/themes/emart-v2/assets/css/style.css]
[demo.graygrids.com/themes/emart-v2/index.html]
[demo.graygrids.com/themes/emart-v2/assets/images/logo.png]
[demo.graygrids.com/themes/emart-v2/assets/images/product-menu-1.jpg]
[demo.graygrids.com/themes/emart-v2/assets/images/product-menu-2.jpg]
[demo.graygrids.com/themes/emart-v2/shop-right.html]
[demo.graygrids.com/themes/emart-v2/about.html]
[demo.graygrids.com/themes/emart-v2/category.html]
[demo.graygrids.com/themes/emart-v2/shop.html]
[demo.graygrids.com/themes/emart-v2/product-details.html]
[demo.graygrids.com/themes/emart-v2/checkout.html]
[demo.graygrids.com/themes/emart-v2/faq.html]
[demo.graygrids.com/themes/emart-v2/login.html]
[demo.graygrids.com/themes/emart-v2/order-tracking.html]
[demo.graygrids.com/themes/emart-v2/services.html]
[demo.graygrids.com/themes/emart-v2/team.html]
[demo.graygrids.com/themes/emart-v2/shopping-cart.html]
[demo.graygrids.com/themes/emart-v2/wishlist.html]
[demo.graygrids.com/themes/emart-v2/error.html]
[demo.graygrids.com/themes/emart-v2/blog-left.html]
[demo.graygrids.com/themes/emart-v2/blog-right.html]
[demo.graygrids.com/themes/emart-v2/blog-details.html]
[demo.graygrids.com/themes/emart-v2/contact.html]
[demo.graygrids.com/themes/emart-v2/assets/images/product2-1.jpg]
[demo.graygrids.com/themes/emart-v2/assets/images/hero.png]
[demo.graygrids.com/themes/emart-v2/assets/images/product2-2.jpg]
[demo.graygrids.com/themes/emart-v2/assets/images/product2-3.jpg]
[demo.graygrids.com/themes/emart-v2/assets/images/product2-4.jpg]
[demo.graygrids.com/themes/emart-v2/assets/images/product2-5.jpg]
[demo.graygrids.com/themes/emart-v2/assets/images/collection-1.jpg]
[demo.graygrids.com/themes/emart-v2/assets/images/collection-2.jpg]
[demo.graygrids.com/themes/emart-v2/assets/images/collection-3.jpg]
[demo.graygrids.com/themes/emart-v2/assets/images/product2-6.jpg]
[demo.graygrids.com/themes/emart-v2/assets/images/product2-7.jpg]
[demo.graygrids.com/themes/emart-v2/assets/images/product2-8.jpg]
[demo.graygrids.com/themes/emart-v2/assets/images/product2-9.jpg]
[demo.graygrids.com/themes/emart-v2/assets/images/product2-10.jpg]
[demo.graygrids.com/themes/emart-v2/assets/images/product2-11.jpg]
[demo.graygrids.com/themes/emart-v2/assets/images/product2-12.jpg]
[demo.graygrids.com/themes/emart-v2/assets/images/features_product_bg.jpg]
[demo.graygrids.com/themes/emart-v2/assets/images/features_product-1.jpg]
[demo.graygrids.com/themes/emart-v2/assets/images/features_product-2.jpg]
[demo.graygrids.com/themes/emart-v2/assets/images/features_product-3.jpg]
[demo.graygrids.com/themes/emart-v2/assets/images/features_product-4.jpg]
[demo.graygrids.com/themes/emart-v2/assets/images/author-1.jpg]
[demo.graygrids.com/themes/emart-v2/assets/images/author-2.jpg]
[demo.graygrids.com/themes/emart-v2/assets/images/author-3.jpg]
[demo.graygrids.com/themes/emart-v2/assets/images/call_to_action.jpg]
[demo.graygrids.com/themes/emart-v2/assets/images/blog-1.jpg]
[demo.graygrids.com/themes/emart-v2/assets/images/blog-2.jpg]
[demo.graygrids.com/themes/emart-v2/assets/images/blog-3.jpg]
[demo.graygrids.com/themes/emart-v2/assets/images/client-01.png]
[demo.graygrids.com/themes/emart-v2/assets/images/client-02.png]
[demo.graygrids.com/themes/emart-v2/assets/images/client-03.png]
[demo.graygrids.com/themes/emart-v2/assets/images/client-04.png]
[demo.graygrids.com/themes/emart-v2/assets/images/client-05.png]
[demo.graygrids.com/themes/emart-v2/assets/images/client-06.png]
[demo.graygrids.com/themes/emart-v2/assets/images/client-07.png]
[demo.graygrids.com/themes/emart-v2/assets/images/client-08.png]
[demo.graygrids.com/themes/emart-v2/assets/images/product-single-1.jpg]
[demo.graygrids.com/themes/emart-v2/assets/images/product-single-2.jpg]
[demo.graygrids.com/themes/emart-v2/assets/images/product-single-3.jpg]
[demo.graygrids.com/themes/emart-v2/assets/images/product-single-4.jpg]
[demo.graygrids.com/themes/emart-v2/assets/images/product-single-5.jpg]
[demo.graygrids.com/themes/emart-v2/assets/js/vendor/modernizr-3.6.0.min.js]
[demo.graygrids.com/themes/emart-v2/assets/js/vendor/jquery-1.12.4.min.js]
[demo.graygrids.com/themes/emart-v2/assets/js/bootstrap.min.js]
[demo.graygrids.com/themes/emart-v2/assets/js/popper.min.js]
[demo.graygrids.com/themes/emart-v2/assets/js/slick.min.js]
[demo.graygrids.com/themes/emart-v2/assets/js/jquery.magnific-popup.min.js]
[demo.graygrids.com/themes/emart-v2/assets/js/ajax-contact.js]
[demo.graygrids.com/themes/emart-v2/assets/js/ion.rangeSlider.min.js]
[demo.graygrids.com/themes/emart-v2/assets/js/jquery.nice-select.min.js]
[demo.graygrids.com/themes/emart-v2/index-2.html]
[demo.graygrids.com/themes/emart-v2/assets/css/bootstrap.min.css]
[demo.graygrids.com/themes/emart-v2/assets/css/animate.css]
[demo.graygrids.com/themes/emart-v2/assets/js/main.js]
[demo.graygrids.com/themes/emart-v2/assets/fonts/LineIcons.eot]
[demo.graygrids.com/themes/emart-v2/assets/fonts/LineIcons.woff2]
[demo.graygrids.com/themes/emart-v2/assets/fonts/LineIcons.woff]
[demo.graygrids.com/themes/emart-v2/assets/fonts/LineIcons.ttf]
[demo.graygrids.com/themes/emart-v2/assets/css/LineIcons.css]
[demo.graygrids.com/themes/emart-v2/assets/css/magnific-popup.css]
[demo.graygrids.com/themes/emart-v2/assets/css/slick.css]
[demo.graygrids.com/themes/emart-v2/assets/css/ion.rangeSlider.min.css]
[demo.graygrids.com/themes/emart-v2/assets/css/nice-select.css]
[demo.graygrids.com/themes/emart-v2/assets/css/default.css]
[demo.graygrids.com/themes/emart-v2/assets/css/style.css]
[demo.graygrids.com/themes/emart-v2/assets/fonts/LineIcons.svg]
[demo.graygrids.com/themes/emart-v2/assets/images/slide1.jpg]
[demo.graygrids.com/themes/emart-v2/assets/images/slide2.jpg]
[demo.graygrids.com/themes/emart-v2/assets/images/slide3.jpg]
[demo.graygrids.com/themes/emart-v2/assets/images/img1.jpg]
[demo.graygrids.com/themes/emart-v2/assets/images/img3.jpg]
[demo.graygrids.com/themes/emart-v2/assets/images/img2.jpg]
[demo.graygrids.com/themes/emart-v2/assets/images/img4.jpg]
[demo.graygrids.com/themes/emart-v2/assets/images/product-1.jpg]
[demo.graygrids.com/themes/emart-v2/assets/images/product-2.jpg]
[demo.graygrids.com/themes/emart-v2/assets/images/product-3.jpg]
[demo.graygrids.com/themes/emart-v2/assets/images/product-4.jpg]
[demo.graygrids.com/themes/emart-v2/assets/images/product-5.jpg]
[demo.graygrids.com/themes/emart-v2/assets/images/product-6.jpg]
[demo.graygrids.com/themes/emart-v2/assets/images/product-7.jpg]
[demo.graygrids.com/themes/emart-v2/assets/images/dsc-bg.jpg]
[demo.graygrids.com/themes/emart-v2/assets/images/product-8.jpg]
[demo.graygrids.com/themes/emart-v2/assets/images/product-12.jpg]
[demo.graygrids.com/themes/emart-v2/assets/images/product-10.jpg]
[demo.graygrids.com/themes/emart-v2/assets/images/bg1.jpg]
[demo.graygrids.com/themes/emart-v2/assets/images/testimonial-1.jpg]
[demo.graygrids.com/themes/emart-v2/assets/images/testimonial-2.jpg]
[demo.graygrids.com/themes/emart-v2/assets/images/testimonial-3.jpg]
[demo.graygrids.com/themes/emart-v2/assets/images/payment.png]
[demo.graygrids.com/themes/emart-v2/index.html]
[demo.graygrids.com/cdn-cgi/scripts/5c5dd728/cloudflare-static/email-decode.min.js]
[demo.graygrids.com/themes/emart-v2/shop-right.html]
[demo.graygrids.com/themes/emart-v2/assets/images/banner-add.jpg]
[demo.graygrids.com/themes/emart-v2/assets/images/about.jpg]
[demo.graygrids.com/themes/emart-v2/assets/images/team-1.jpg]
[demo.graygrids.com/themes/emart-v2/assets/images/team-2.jpg]
[demo.graygrids.com/themes/emart-v2/about.html]
[demo.graygrids.com/themes/emart-v2/category.html]
[demo.graygrids.com/themes/emart-v2/shop.html]
[demo.graygrids.com/themes/emart-v2/assets/images/team-3.jpg]
[demo.graygrids.com/themes/emart-v2/assets/images/review-1.jpg]
[demo.graygrids.com/themes/emart-v2/product-details.html]
[demo.graygrids.com/themes/emart-v2/checkout.html]
[demo.graygrids.com/themes/emart-v2/faq.html]
[demo.graygrids.com/themes/emart-v2/login.html]
[demo.graygrids.com/themes/emart-v2/order-tracking.html]
[demo.graygrids.com/themes/emart-v2/services.html]
[demo.graygrids.com/themes/emart-v2/team.html]
[demo.graygrids.com/themes/emart-v2/shopping-cart.html]
[demo.graygrids.com/themes/emart-v2/wishlist.html]
[demo.graygrids.com/themes/emart-v2/error.html]
[demo.graygrids.com/themes/emart-v2/assets/images/review-2.jpg]
[demo.graygrids.com/themes/emart-v2/assets/images/blog-grid-1.jpg]
[demo.graygrids.com/themes/emart-v2/assets/images/blog-grid-2.jpg]
[demo.graygrids.com/themes/emart-v2/assets/images/blog-grid-3.jpg]
[demo.graygrids.com/themes/emart-v2/assets/images/about-w.jpg]
[demo.graygrids.com/themes/emart-v2/blog-left.html]
[demo.graygrids.com/themes/emart-v2/blog-right.html]
[demo.graygrids.com/themes/emart-v2/assets/images/add-blog.jpg]
[demo.graygrids.com/themes/emart-v2/assets/images/sing-off.jpg]
[demo.graygrids.com/themes/emart-v2/blog-details.html]
[demo.graygrids.com/themes/emart-v2/contact.html]
[demo.graygrids.com/themes/emart-v2/assets/fonts/LineIcons.svg]
[demo.graygrids.com/themes/emart-v2/assets/images/author-4.jpg]
